// Jest Snapshot v1, https://goo.gl/fbAQLP

exports[`AccountSettings component Test - to Match Snapshot Before 1`] = `null`;
